Running Gradle task 'assembleDebug'...                          

FAILURE: Build failed with an exception.

* What went wrong:
Execution failed for task ':app:configureCMakeDebug[armeabi-v7a]'.
> [CXX1429] error when building with cmake using C:\Users\vishw\flutter_sdk\flutter\packages\flutter_tools\gradle\src\main\scripts\CMakeLists.txt: Not searching for unused variables given on the command line.
  -- The C compiler identification is Clang 18.0.1
  Not searching for unused variables given on the command line.
  -- The C compiler identification is Clang 18.0.1
  -- The CXX compiler identification is Clang 18.0.1
  -- Detecting C compiler ABI info
  -- The CXX compiler identification is Clang 18.0.1
  -- Detecting C compiler ABI info
  -- Configuring incomplete, errors occurred!
  See also "C:/Users/vishw/all_tools/apk_editor_cloner-2/build/.cxx/debug/4j6e1j6x/armeabi-v7a/CMakeFiles/CMakeOutput.log".
  See also "C:/Users/vishw/all_tools/apk_editor_cloner-2/build/.cxx/debug/4j6e1j6x/armeabi-v7a/CMakeFiles/CMakeError.log".
  -- Detecting C compiler ABI info - failed
  -- Check for working C compiler: C:/Users/vishw/AppData/Local/Android/Sdk/ndk/27.0.12077973/toolchains/llvm/prebuilt/windows-x86_64/bin/clang.exe
  -- Check for working C compiler: C:/Users/vishw/AppData/Local/Android/Sdk/ndk/27.0.12077973/toolchains/llvm/prebuilt/windows-x86_64/bin/clang.exe - broken
  -- Configuring incomplete, errors occurred!
  See also "C:/Users/vishw/all_tools/apk_editor_cloner-2/build/.cxx/debug/4j6e1j6x/armeabi-v7a/CMakeFiles/CMakeOutput.log".
  See also "C:/Users/vishw/all_tools/apk_editor_cloner-2/build/.cxx/debug/4j6e1j6x/armeabi-v7a/CMakeFiles/CMakeError.log".

  C++ build system [configure] failed while executing:
      @echo off
      "C:\\Users\\vishw\\AppData\\Local\\Android\\sdk\\cmake\\3.22.1\\bin\\cmake.exe" ^
        "-HC:\\Users\\vishw\\flutter_sdk\\flutter\\packages\\flutter_tools\\gradle\\src\\main\\scripts" ^
        "-DCMAKE_SYSTEM_NAME=Android" ^
        "-DCMAKE_EXPORT_COMPILE_COMMANDS=ON" ^
        "-DCMAKE_SYSTEM_VERSION=24" ^
        "-DANDROID_PLATFORM=android-24" ^
        "-DANDROID_ABI=armeabi-v7a" ^
        "-DCMAKE_ANDROID_ARCH_ABI=armeabi-v7a" ^
        "-DANDROID_NDK=C:\\Users\\vishw\\AppData\\Local\\Android\\sdk\\ndk\\27.0.12077973" ^
        "-DCMAKE_ANDROID_NDK=C:\\Users\\vishw\\AppData\\Local\\Android\\sdk\\ndk\\27.0.12077973" ^
        "-DCMAKE_TOOLCHAIN_FILE=C:\\Users\\vishw\\AppData\\Local\\Android\\sdk\\ndk\\27.0.12077973\\build\\cmake\\android.toolchain.cmake" ^
        "-DCMAKE_MAKE_PROGRAM=C:\\Users\\vishw\\AppData\\Local\\Android\\sdk\\cmake\\3.22.1\\bin\\ninja.exe" ^
        "-DCMAKE_LIBRARY_OUTPUT_DIRECTORY=C:\\Users\\vishw\\all_tools\\apk_editor_cloner-2\\build\\app\\intermediates\\cxx\\debug\\4j6e1j6x\\obj\\armeabi-v7a" ^
        "-DCMAKE_RUNTIME_OUTPUT_DIRECTORY=C:\\Users\\vishw\\all_tools\\apk_editor_cloner-2\\build\\app\\intermediates\\cxx\\debug\\4j6e1j6x\\obj\\armeabi-v7a" ^
        "-BC:\\Users\\vishw\\all_tools\\apk_editor_cloner-2\\build\\.cxx\\debug\\4j6e1j6x\\armeabi-v7a" ^
        -GNinja ^
        -Wno-dev ^
        --no-warn-unused-cli ^
        "-DCMAKE_BUILD_TYPE=debug"
    from C:\Users\vishw\all_tools\apk_editor_cloner-2\android\app
  CMake Error at C:/Users/vishw/AppData/Local/Android/Sdk/cmake/3.22.1/share/cmake-3.22/Modules/CMakeDetermineCompilerId.cmake:828 (file):
    file STRINGS file
    "C:/Users/vishw/all_tools/apk_editor_cloner-2/build/.cxx/debug/4j6e1j6x/armeabi-v7a/CMakeFiles/3.22.1-g37088a8-dirty/CompilerIdCXX/CMakeCXXCompilerId.o"
    cannot be read.
  Call Stack (most recent call first):
    C:/Users/vishw/AppData/Local/Android/Sdk/cmake/3.22.1/share/cmake-3.22/Modules/CMakeDetermineCompilerId.cmake:11 (CMAKE_DETERMINE_COMPILER_ID_CHECK)
    C:/Users/vishw/AppData/Local/Android/Sdk/cmake/3.22.1/share/cmake-3.22/Modules/CMakeDetermineCompilerId.cmake:59 (__determine_compiler_id_test)
    C:/Users/vishw/AppData/Local/Android/Sdk/cmake/3.22.1/share/cmake-3.22/Modules/CMakeDetermineCXXCompiler.cmake:120 (CMAKE_DETERMINE_COMPILER_ID)
    CMakeLists.txt


  CMake Error at C:/Users/vishw/AppData/Local/Android/Sdk/cmake/3.22.1/share/cmake-3.22/Modules/CMakeDetermineCompilerId.cmake:926 (file):
    file failed to open for reading (No such file or directory):

      C:/Users/vishw/all_tools/apk_editor_cloner-2/build/.cxx/debug/4j6e1j6x/armeabi-v7a/CMakeFiles/3.22.1-g37088a8-dirty/CompilerIdCXX/CMakeCXXCompilerId.o
  Call Stack (most recent call first):
    C:/Users/vishw/AppData/Local/Android/Sdk/cmake/3.22.1/share/cmake-3.22/Modules/CMakeDetermineCompilerId.cmake:11 (CMAKE_DETERMINE_COMPILER_ID_CHECK)
    C:/Users/vishw/AppData/Local/Android/Sdk/cmake/3.22.1/share/cmake-3.22/Modules/CMakeDetermineCompilerId.cmake:59 (__determine_compiler_id_test)
    C:/Users/vishw/AppData/Local/Android/Sdk/cmake/3.22.1/share/cmake-3.22/Modules/CMakeDetermineCXXCompiler.cmake:120 (CMAKE_DETERMINE_COMPILER_ID)
    CMakeLists.txt


  CMake Error at C:/Users/vishw/AppData/Local/Android/Sdk/cmake/3.22.1/share/cmake-3.22/Modules/CMakeDetermineCompilerId.cmake:929 (string):
    string begin index: 1 is out of range 0 - 0
  Call Stack (most recent call first):
    C:/Users/vishw/AppData/Local/Android/Sdk/cmake/3.22.1/share/cmake-3.22/Modules/CMakeDetermineCompilerId.cmake:11 (CMAKE_DETERMINE_COMPILER_ID_CHECK)
    C:/Users/vishw/AppData/Local/Android/Sdk/cmake/3.22.1/share/cmake-3.22/Modules/CMakeDetermineCompilerId.cmake:59 (__determine_compiler_id_test)
    C:/Users/vishw/AppData/Local/Android/Sdk/cmake/3.22.1/share/cmake-3.22/Modules/CMakeDetermineCXXCompiler.cmake:120 (CMAKE_DETERMINE_COMPILER_ID)
    CMakeLists.txt


  CMake Error at C:/Users/vishw/AppData/Local/Android/Sdk/cmake/3.22.1/share/cmake-3.22/Modules/CMakeDetermineCompilerId.cmake:937 (math):
    math cannot parse the expression: " * 16 + ": syntax error, unexpected
    exp_TIMES (2).
  Call Stack (most recent call first):
    C:/Users/vishw/AppData/Local/Android/Sdk/cmake/3.22.1/share/cmake-3.22/Modules/CMakeDetermineCompilerId.cmake:11 (CMAKE_DETERMINE_COMPILER_ID_CHECK)
    C:/Users/vishw/AppData/Local/Android/Sdk/cmake/3.22.1/share/cmake-3.22/Modules/CMakeDetermineCompilerId.cmake:59 (__determine_compiler_id_test)
    C:/Users/vishw/AppData/Local/Android/Sdk/cmake/3.22.1/share/cmake-3.22/Modules/CMakeDetermineCXXCompiler.cmake:120 (CMAKE_DETERMINE_COMPILER_ID)
    CMakeLists.txt


  CMake Error at C:/Users/vishw/AppData/Local/Android/Sdk/cmake/3.22.1/share/cmake-3.22/Modules/CMakeDetermineCompilerId.cmake:939 (file):
    file failed to open for reading (No such file or directory):

      C:/Users/vishw/all_tools/apk_editor_cloner-2/build/.cxx/debug/4j6e1j6x/armeabi-v7a/CMakeFiles/3.22.1-g37088a8-dirty/CompilerIdCXX/CMakeCXXCompilerId.o
  Call Stack (most recent call first):
    C:/Users/vishw/AppData/Local/Android/Sdk/cmake/3.22.1/share/cmake-3.22/Modules/CMakeDetermineCompilerId.cmake:11 (CMAKE_DETERMINE_COMPILER_ID_CHECK)
    C:/Users/vishw/AppData/Local/Android/Sdk/cmake/3.22.1/share/cmake-3.22/Modules/CMakeDetermineCompilerId.cmake:59 (__determine_compiler_id_test)
    C:/Users/vishw/AppData/Local/Android/Sdk/cmake/3.22.1/share/cmake-3.22/Modules/CMakeDetermineCXXCompiler.cmake:120 (CMAKE_DETERMINE_COMPILER_ID)
    CMakeLists.txt


  CMake Error:
    Running

     'C:/Users/vishw/AppData/Local/Android/sdk/cmake/3.22.1/bin/ninja.exe' '-C' 'C:/Users/vishw/all_tools/apk_editor_cloner-2/build/.cxx/debug/4j6e1j6x/armeabi-v7a/CMakeFiles/CMakeTmp' '-t' 'restat' 'build.ninja'

    failed with:

     ninja: error: failed recompaction: Permission denied



  CMake Error at C:/Users/vishw/AppData/Local/Android/Sdk/cmake/3.22.1/share/cmake-3.22/Modules/CMakeDetermineCompilerABI.cmake:49 (try_compile):
    Failed to generate test project build system.
  Call Stack (most recent call first):
    C:/Users/vishw/AppData/Local/Android/Sdk/cmake/3.22.1/share/cmake-3.22/Modules/CMakeTestCCompiler.cmake:26 (CMAKE_DETERMINE_COMPILER_ABI)
    CMakeLists.txt


  CMake Error at C:/Users/vishw/AppData/Local/Android/Sdk/cmake/3.22.1/share/cmake-3.22/Modules/CMakeDetermineCompilerABI.cmake:49 (try_compile):
    The file:

      C:/Users/vishw/all_tools/apk_editor_cloner-2/build/.cxx/debug/4j6e1j6x/armeabi-v7a/CMakeFiles/CMakeTmp/.ninja_deps

    could not be removed:

      The process cannot access the file because it is being used by another process.

  Call Stack (most recent call first):
    C:/Users/vishw/AppData/Local/Android/Sdk/cmake/3.22.1/share/cmake-3.22/Modules/CMakeTestCCompiler.cmake:26 (CMAKE_DETERMINE_COMPILER_ABI)
    CMakeLists.txt


  CMake Error at C:/Users/vishw/AppData/Local/Android/Sdk/cmake/3.22.1/share/cmake-3.22/Modules/CMakeDetermineCompilerABI.cmake:49 (try_compile):
    The file:

      C:/Users/vishw/all_tools/apk_editor_cloner-2/build/.cxx/debug/4j6e1j6x/armeabi-v7a/CMakeFiles/CMakeTmp/.ninja_log

    could not be removed:

      The process cannot access the file because it is being used by another process.

  Call Stack (most recent call first):
    C:/Users/vishw/AppData/Local/Android/Sdk/cmake/3.22.1/share/cmake-3.22/Modules/CMakeTestCCompiler.cmake:26 (CMAKE_DETERMINE_COMPILER_ABI)
    CMakeLists.txt


  CMake Error at C:/Users/vishw/AppData/Local/Android/Sdk/cmake/3.22.1/share/cmake-3.22/Modules/CMakeTestCCompiler.cmake:69 (message):
    The C compiler

      "C:/Users/vishw/AppData/Local/Android/Sdk/ndk/27.0.12077973/toolchains/llvm/prebuilt/windows-x86_64/bin/clang.exe"

    is not able to compile a simple test program.

    It fails with the following output:

      Change Dir: C:/Users/vishw/all_tools/apk_editor_cloner-2/build/.cxx/debug/4j6e1j6x/armeabi-v7a/CMakeFiles/CMakeTmp

      Run Build Command(s):C:\Users\vishw\AppData\Local\Android\sdk\cmake\3.22.1\bin\ninja.exe cmTC_be6ed && [1/2] Building C object CMakeFiles\cmTC_be6ed.dir\testCCompiler.c.o
      FAILED: CMakeFiles/cmTC_be6ed.dir/testCCompiler.c.o 
      C:\Users\vishw\AppData\Local\Android\Sdk\ndk\27.0.12077973\toolchains\llvm\prebuilt\windows-x86_64\bin\clang.exe   -g -DANDROID -fdata-sections -ffunction-sections -funwind-tables -fstack-protector-strong -no-canonical-prefixes -D_FORTIFY_SOURCE=2 -march=armv7-a -mthumb -Wformat -Werror=format-security -o CMakeFiles\cmTC_be6ed.dir\testCCompiler.c.o -c C:\Users\vishw\all_tools\apk_editor_cloner-2\build\.cxx\debug\4j6e1j6x\armeabi-v7a\CMakeFiles\CMakeTmp\testCCompiler.c
      clang: warning: argument unused during compilation: '-mthumb' [-Wunused-command-line-argument]
      error: unknown target CPU 'armv7-a'
      note: valid target CPU values are: nocona, core2, penryn, bonnell, atom, silvermont, slm, goldmont, goldmont-plus, tremont, nehalem, corei7, westmere, sandybridge, corei7-avx, ivybridge, core-avx-i, haswell, core-avx2, broadwell, skylake, skylake-avx512, skx, cascadelake, cooperlake, cannonlake, icelake-client, rocketlake, icelake-server, tigerlake, sapphirerapids, alderlake, raptorlake, meteorlake, arrowlake, arrowlake-s, lunarlake, gracemont, pantherlake, sierraforest, grandridge, graniterapids, graniterapids-d, emeraldrapids, clearwaterforest, knl, knm, k8, athlon64, athlon-fx, opteron, k8-sse3, athlon64-sse3, opteron-sse3, amdfam10, barcelona, btver1, btver2, bdver1, bdver2, bdver3, bdver4, znver1, znver2, znver3, znver4, x86-64, x86-64-v2, x86-64-v3, x86-64-v4
      ninja: build stopped: subcommand failed.





    CMake will not be able to correctly generate this project.
  Call Stack (most recent call first):
    CMakeLists.txt : com.android.ide.common.process.ProcessException: Not searching for unused variables given on the command line.
  -- The C compiler identification is Clang 18.0.1
  Not searching for unused variables given on the command line.
  -- The C compiler identification is Clang 18.0.1
  -- The CXX compiler identification is Clang 18.0.1
  -- Detecting C compiler ABI info
  -- The CXX compiler identification is Clang 18.0.1
  -- Detecting C compiler ABI info
  -- Configuring incomplete, errors occurred!
  See also "C:/Users/vishw/all_tools/apk_editor_cloner-2/build/.cxx/debug/4j6e1j6x/armeabi-v7a/CMakeFiles/CMakeOutput.log".
  See also "C:/Users/vishw/all_tools/apk_editor_cloner-2/build/.cxx/debug/4j6e1j6x/armeabi-v7a/CMakeFiles/CMakeError.log".
  -- Detecting C compiler ABI info - failed
  -- Check for working C compiler: C:/Users/vishw/AppData/Local/Android/Sdk/ndk/27.0.12077973/toolchains/llvm/prebuilt/windows-x86_64/bin/clang.exe
  -- Check for working C compiler: C:/Users/vishw/AppData/Local/Android/Sdk/ndk/27.0.12077973/toolchains/llvm/prebuilt/windows-x86_64/bin/clang.exe - broken
  -- Configuring incomplete, errors occurred!
  See also "C:/Users/vishw/all_tools/apk_editor_cloner-2/build/.cxx/debug/4j6e1j6x/armeabi-v7a/CMakeFiles/CMakeOutput.log".
  See also "C:/Users/vishw/all_tools/apk_editor_cloner-2/build/.cxx/debug/4j6e1j6x/armeabi-v7a/CMakeFiles/CMakeError.log".

  C++ build system [configure] failed while executing:
      @echo off
      "C:\\Users\\vishw\\AppData\\Local\\Android\\sdk\\cmake\\3.22.1\\bin\\cmake.exe" ^
        "-HC:\\Users\\vishw\\flutter_sdk\\flutter\\packages\\flutter_tools\\gradle\\src\\main\\scripts" ^
        "-DCMAKE_SYSTEM_NAME=Android" ^
        "-DCMAKE_EXPORT_COMPILE_COMMANDS=ON" ^
        "-DCMAKE_SYSTEM_VERSION=24" ^
        "-DANDROID_PLATFORM=android-24" ^
        "-DANDROID_ABI=armeabi-v7a" ^
        "-DCMAKE_ANDROID_ARCH_ABI=armeabi-v7a" ^
        "-DANDROID_NDK=C:\\Users\\vishw\\AppData\\Local\\Android\\sdk\\ndk\\27.0.12077973" ^
        "-DCMAKE_ANDROID_NDK=C:\\Users\\vishw\\AppData\\Local\\Android\\sdk\\ndk\\27.0.12077973" ^
        "-DCMAKE_TOOLCHAIN_FILE=C:\\Users\\vishw\\AppData\\Local\\Android\\sdk\\ndk\\27.0.12077973\\build\\cmake\\android.toolchain.cmake" ^
        "-DCMAKE_MAKE_PROGRAM=C:\\Users\\vishw\\AppData\\Local\\Android\\sdk\\cmake\\3.22.1\\bin\\ninja.exe" ^
        "-DCMAKE_LIBRARY_OUTPUT_DIRECTORY=C:\\Users\\vishw\\all_tools\\apk_editor_cloner-2\\build\\app\\intermediates\\cxx\\debug\\4j6e1j6x\\obj\\armeabi-v7a" ^
        "-DCMAKE_RUNTIME_OUTPUT_DIRECTORY=C:\\Users\\vishw\\all_tools\\apk_editor_cloner-2\\build\\app\\intermediates\\cxx\\debug\\4j6e1j6x\\obj\\armeabi-v7a" ^
        "-BC:\\Users\\vishw\\all_tools\\apk_editor_cloner-2\\build\\.cxx\\debug\\4j6e1j6x\\armeabi-v7a" ^
        -GNinja ^
        -Wno-dev ^
        --no-warn-unused-cli ^
        "-DCMAKE_BUILD_TYPE=debug"
    from C:\Users\vishw\all_tools\apk_editor_cloner-2\android\app
  CMake Error at C:/Users/vishw/AppData/Local/Android/Sdk/cmake/3.22.1/share/cmake-3.22/Modules/CMakeDetermineCompilerId.cmake:828 (file):
    file STRINGS file
    "C:/Users/vishw/all_tools/apk_editor_cloner-2/build/.cxx/debug/4j6e1j6x/armeabi-v7a/CMakeFiles/3.22.1-g37088a8-dirty/CompilerIdCXX/CMakeCXXCompilerId.o"
    cannot be read.
  Call Stack (most recent call first):
    C:/Users/vishw/AppData/Local/Android/Sdk/cmake/3.22.1/share/cmake-3.22/Modules/CMakeDetermineCompilerId.cmake:11 (CMAKE_DETERMINE_COMPILER_ID_CHECK)
    C:/Users/vishw/AppData/Local/Android/Sdk/cmake/3.22.1/share/cmake-3.22/Modules/CMakeDetermineCompilerId.cmake:59 (__determine_compiler_id_test)
    C:/Users/vishw/AppData/Local/Android/Sdk/cmake/3.22.1/share/cmake-3.22/Modules/CMakeDetermineCXXCompiler.cmake:120 (CMAKE_DETERMINE_COMPILER_ID)
    CMakeLists.txt


  CMake Error at C:/Users/vishw/AppData/Local/Android/Sdk/cmake/3.22.1/share/cmake-3.22/Modules/CMakeDetermineCompilerId.cmake:926 (file):
    file failed to open for reading (No such file or directory):

      C:/Users/vishw/all_tools/apk_editor_cloner-2/build/.cxx/debug/4j6e1j6x/armeabi-v7a/CMakeFiles/3.22.1-g37088a8-dirty/CompilerIdCXX/CMakeCXXCompilerId.o
  Call Stack (most recent call first):
    C:/Users/vishw/AppData/Local/Android/Sdk/cmake/3.22.1/share/cmake-3.22/Modules/CMakeDetermineCompilerId.cmake:11 (CMAKE_DETERMINE_COMPILER_ID_CHECK)
    C:/Users/vishw/AppData/Local/Android/Sdk/cmake/3.22.1/share/cmake-3.22/Modules/CMakeDetermineCompilerId.cmake:59 (__determine_compiler_id_test)
    C:/Users/vishw/AppData/Local/Android/Sdk/cmake/3.22.1/share/cmake-3.22/Modules/CMakeDetermineCXXCompiler.cmake:120 (CMAKE_DETERMINE_COMPILER_ID)
    CMakeLists.txt


  CMake Error at C:/Users/vishw/AppData/Local/Android/Sdk/cmake/3.22.1/share/cmake-3.22/Modules/CMakeDetermineCompilerId.cmake:929 (string):
    string begin index: 1 is out of range 0 - 0
  Call Stack (most recent call first):
    C:/Users/vishw/AppData/Local/Android/Sdk/cmake/3.22.1/share/cmake-3.22/Modules/CMakeDetermineCompilerId.cmake:11 (CMAKE_DETERMINE_COMPILER_ID_CHECK)
    C:/Users/vishw/AppData/Local/Android/Sdk/cmake/3.22.1/share/cmake-3.22/Modules/CMakeDetermineCompilerId.cmake:59 (__determine_compiler_id_test)
    C:/Users/vishw/AppData/Local/Android/Sdk/cmake/3.22.1/share/cmake-3.22/Modules/CMakeDetermineCXXCompiler.cmake:120 (CMAKE_DETERMINE_COMPILER_ID)
    CMakeLists.txt


  CMake Error at C:/Users/vishw/AppData/Local/Android/Sdk/cmake/3.22.1/share/cmake-3.22/Modules/CMakeDetermineCompilerId.cmake:937 (math):
    math cannot parse the expression: " * 16 + ": syntax error, unexpected
    exp_TIMES (2).
  Call Stack (most recent call first):
    C:/Users/vishw/AppData/Local/Android/Sdk/cmake/3.22.1/share/cmake-3.22/Modules/CMakeDetermineCompilerId.cmake:11 (CMAKE_DETERMINE_COMPILER_ID_CHECK)
    C:/Users/vishw/AppData/Local/Android/Sdk/cmake/3.22.1/share/cmake-3.22/Modules/CMakeDetermineCompilerId.cmake:59 (__determine_compiler_id_test)
    C:/Users/vishw/AppData/Local/Android/Sdk/cmake/3.22.1/share/cmake-3.22/Modules/CMakeDetermineCXXCompiler.cmake:120 (CMAKE_DETERMINE_COMPILER_ID)
    CMakeLists.txt


  CMake Error at C:/Users/vishw/AppData/Local/Android/Sdk/cmake/3.22.1/share/cmake-3.22/Modules/CMakeDetermineCompilerId.cmake:939 (file):
    file failed to open for reading (No such file or directory):

      C:/Users/vishw/all_tools/apk_editor_cloner-2/build/.cxx/debug/4j6e1j6x/armeabi-v7a/CMakeFiles/3.22.1-g37088a8-dirty/CompilerIdCXX/CMakeCXXCompilerId.o
  Call Stack (most recent call first):
    C:/Users/vishw/AppData/Local/Android/Sdk/cmake/3.22.1/share/cmake-3.22/Modules/CMakeDetermineCompilerId.cmake:11 (CMAKE_DETERMINE_COMPILER_ID_CHECK)
    C:/Users/vishw/AppData/Local/Android/Sdk/cmake/3.22.1/share/cmake-3.22/Modules/CMakeDetermineCompilerId.cmake:59 (__determine_compiler_id_test)
    C:/Users/vishw/AppData/Local/Android/Sdk/cmake/3.22.1/share/cmake-3.22/Modules/CMakeDetermineCXXCompiler.cmake:120 (CMAKE_DETERMINE_COMPILER_ID)
    CMakeLists.txt


  CMake Error:
    Running

     'C:/Users/vishw/AppData/Local/Android/sdk/cmake/3.22.1/bin/ninja.exe' '-C' 'C:/Users/vishw/all_tools/apk_editor_cloner-2/build/.cxx/debug/4j6e1j6x/armeabi-v7a/CMakeFiles/CMakeTmp' '-t' 'restat' 'build.ninja'

    failed with:

     ninja: error: failed recompaction: Permission denied



  CMake Error at C:/Users/vishw/AppData/Local/Android/Sdk/cmake/3.22.1/share/cmake-3.22/Modules/CMakeDetermineCompilerABI.cmake:49 (try_compile):
    Failed to generate test project build system.
  Call Stack (most recent call first):
    C:/Users/vishw/AppData/Local/Android/Sdk/cmake/3.22.1/share/cmake-3.22/Modules/CMakeTestCCompiler.cmake:26 (CMAKE_DETERMINE_COMPILER_ABI)
    CMakeLists.txt


  CMake Error at C:/Users/vishw/AppData/Local/Android/Sdk/cmake/3.22.1/share/cmake-3.22/Modules/CMakeDetermineCompilerABI.cmake:49 (try_compile):
    The file:

      C:/Users/vishw/all_tools/apk_editor_cloner-2/build/.cxx/debug/4j6e1j6x/armeabi-v7a/CMakeFiles/CMakeTmp/.ninja_deps

    could not be removed:

      The process cannot access the file because it is being used by another process.

  Call Stack (most recent call first):
    C:/Users/vishw/AppData/Local/Android/Sdk/cmake/3.22.1/share/cmake-3.22/Modules/CMakeTestCCompiler.cmake:26 (CMAKE_DETERMINE_COMPILER_ABI)
    CMakeLists.txt


  CMake Error at C:/Users/vishw/AppData/Local/Android/Sdk/cmake/3.22.1/share/cmake-3.22/Modules/CMakeDetermineCompilerABI.cmake:49 (try_compile):
    The file:

      C:/Users/vishw/all_tools/apk_editor_cloner-2/build/.cxx/debug/4j6e1j6x/armeabi-v7a/CMakeFiles/CMakeTmp/.ninja_log

    could not be removed:

      The process cannot access the file because it is being used by another process.

  Call Stack (most recent call first):
    C:/Users/vishw/AppData/Local/Android/Sdk/cmake/3.22.1/share/cmake-3.22/Modules/CMakeTestCCompiler.cmake:26 (CMAKE_DETERMINE_COMPILER_ABI)
    CMakeLists.txt


  CMake Error at C:/Users/vishw/AppData/Local/Android/Sdk/cmake/3.22.1/share/cmake-3.22/Modules/CMakeTestCCompiler.cmake:69 (message):
    The C compiler

      "C:/Users/vishw/AppData/Local/Android/Sdk/ndk/27.0.12077973/toolchains/llvm/prebuilt/windows-x86_64/bin/clang.exe"

    is not able to compile a simple test program.

    It fails with the following output:

      Change Dir: C:/Users/vishw/all_tools/apk_editor_cloner-2/build/.cxx/debug/4j6e1j6x/armeabi-v7a/CMakeFiles/CMakeTmp

      Run Build Command(s):C:\Users\vishw\AppData\Local\Android\sdk\cmake\3.22.1\bin\ninja.exe cmTC_be6ed && [1/2] Building C object CMakeFiles\cmTC_be6ed.dir\testCCompiler.c.o
      FAILED: CMakeFiles/cmTC_be6ed.dir/testCCompiler.c.o 
      C:\Users\vishw\AppData\Local\Android\Sdk\ndk\27.0.12077973\toolchains\llvm\prebuilt\windows-x86_64\bin\clang.exe   -g -DANDROID -fdata-sections -ffunction-sections -funwind-tables -fstack-protector-strong -no-canonical-prefixes -D_FORTIFY_SOURCE=2 -march=armv7-a -mthumb -Wformat -Werror=format-security -o CMakeFiles\cmTC_be6ed.dir\testCCompiler.c.o -c C:\Users\vishw\all_tools\apk_editor_cloner-2\build\.cxx\debug\4j6e1j6x\armeabi-v7a\CMakeFiles\CMakeTmp\testCCompiler.c
      clang: warning: argument unused during compilation: '-mthumb' [-Wunused-command-line-argument]
      error: unknown target CPU 'armv7-a'
      note: valid target CPU values are: nocona, core2, penryn, bonnell, atom, silvermont, slm, goldmont, goldmont-plus, tremont, nehalem, corei7, westmere, sandybridge, corei7-avx, ivybridge, core-avx-i, haswell, core-avx2, broadwell, skylake, skylake-avx512, skx, cascadelake, cooperlake, cannonlake, icelake-client, rocketlake, icelake-server, tigerlake, sapphirerapids, alderlake, raptorlake, meteorlake, arrowlake, arrowlake-s, lunarlake, gracemont, pantherlake, sierraforest, grandridge, graniterapids, graniterapids-d, emeraldrapids, clearwaterforest, knl, knm, k8, athlon64, athlon-fx, opteron, k8-sse3, athlon64-sse3, opteron-sse3, amdfam10, barcelona, btver1, btver2, bdver1, bdver2, bdver3, bdver4, znver1, znver2, znver3, znver4, x86-64, x86-64-v2, x86-64-v3, x86-64-v4
      ninja: build stopped: subcommand failed.





    CMake will not be able to correctly generate this project.
  Call Stack (most recent call first):
    CMakeLists.txt
  	at com.android.build.gradle.internal.cxx.process.ExecuteProcessKt.execute(ExecuteProcess.kt:288)
  	at com.android.build.gradle.internal.cxx.process.ExecuteProcessKt$executeProcess$1.invoke(ExecuteProcess.kt:108)
  	at com.android.build.gradle.internal.cxx.process.ExecuteProcessKt$executeProcess$1.invoke(ExecuteProcess.kt:106)
  	at com.android.build.gradle.internal.cxx.timing.TimingEnvironmentKt.time(TimingEnvironment.kt:32)
  	at com.android.build.gradle.internal.cxx.process.ExecuteProcessKt.executeProcess(ExecuteProcess.kt:106)
  	at com.android.build.gradle.internal.cxx.process.ExecuteProcessKt.executeProcess$default(ExecuteProcess.kt:85)
  	at com.android.build.gradle.tasks.CmakeQueryMetadataGenerator.executeProcess(CmakeFileApiMetadataGenerator.kt:59)
  	at com.android.build.gradle.tasks.ExternalNativeJsonGenerator$configureOneAbi$1$1$3.invoke(ExternalNativeJsonGenerator.kt:247)
  	at com.android.build.gradle.tasks.ExternalNativeJsonGenerator$configureOneAbi$1$1$3.invoke(ExternalNativeJsonGenerator.kt:247)
  	at com.android.build.gradle.internal.cxx.timing.TimingEnvironmentKt.time(TimingEnvironment.kt:32)
  	at com.android.build.gradle.tasks.ExternalNativeJsonGenerator.configureOneAbi(ExternalNativeJsonGenerator.kt:247)
  	at com.android.build.gradle.tasks.ExternalNativeJsonGenerator.configure(ExternalNativeJsonGenerator.kt:113)
  	at com.android.build.gradle.tasks.ExternalNativeBuildJsonTask.doTaskAction(ExternalNativeBuildJsonTask.kt:89)
  	at com.android.build.gradle.internal.tasks.UnsafeOutputsTask$taskAction$$inlined$recordTaskAction$1.invoke(BaseTask.kt:59)
  	at com.android.build.gradle.internal.tasks.Blocks.recordSpan(Blocks.java:51)
  	at com.android.build.gradle.internal.tasks.UnsafeOutputsTask.taskAction(UnsafeOutputsTask.kt:81)
  	at java.base/jdk.internal.reflect.DirectMethodHandleAccessor.invoke(Unknown Source)
  	at java.base/java.lang.reflect.Method.invoke(Unknown Source)
  	at org.gradle.internal.reflect.JavaMethod.invoke(JavaMethod.java:125)
  	at org.gradle.api.internal.project.taskfactory.StandardTaskAction.doExecute(StandardTaskAction.java:58)
  	at org.gradle.api.internal.project.taskfactory.StandardTaskAction.execute(StandardTaskAction.java:51)
  	at org.gradle.api.internal.project.taskfactory.StandardTaskAction.execute(StandardTaskAction.java:29)
  	at org.gradle.api.internal.tasks.execution.TaskExecution$3.run(TaskExecution.java:244)
  	at org.gradle.internal.operations.DefaultBuildOperationRunner$1.execute(DefaultBuildOperationRunner.java:29)
  	at org.gradle.internal.operations.DefaultBuildOperationRunner$1.execute(DefaultBuildOperationRunner.java:26)
  	at org.gradle.internal.operations.DefaultBuildOperationRunner$2.execute(DefaultBuildOperationRunner.java:66)
  	at org.gradle.internal.operations.DefaultBuildOperationRunner$2.execute(DefaultBuildOperationRunner.java:59)
  	at org.gradle.internal.operations.DefaultBuildOperationRunner.execute(DefaultBuildOperationRunner.java:166)
  	at org.gradle.internal.operations.DefaultBuildOperationRunner.execute(DefaultBuildOperationRunner.java:59)
  	at org.gradle.internal.operations.DefaultBuildOperationRunner.run(DefaultBuildOperationRunner.java:47)
  	at org.gradle.api.internal.tasks.execution.TaskExecution.executeAction(TaskExecution.java:229)
  	at org.gradle.api.internal.tasks.execution.TaskExecution.executeActions(TaskExecution.java:212)
  	at org.gradle.api.internal.tasks.execution.TaskExecution.executeWithPreviousOutputFiles(TaskExecution.java:195)
  	at org.gradle.api.internal.tasks.execution.TaskExecution.execute(TaskExecution.java:162)
  	at org.gradle.internal.execution.steps.ExecuteStep.executeInternal(ExecuteStep.java:105)
  	at org.gradle.internal.execution.steps.ExecuteStep.access$000(ExecuteStep.java:44)
  	at org.gradle.internal.execution.steps.ExecuteStep$1.call(ExecuteStep.java:59)
  	at org.gradle.internal.execution.steps.ExecuteStep$1.call(ExecuteStep.java:56)
  	at org.gradle.internal.operations.DefaultBuildOperationRunner$CallableBuildOperationWorker.execute(DefaultBuildOperationRunner.java:209)
  	at org.gradle.internal.operations.DefaultBuildOperationRunner$CallableBuildOperationWorker.execute(DefaultBuildOperationRunner.java:204)
  	at org.gradle.internal.operations.DefaultBuildOperationRunner$2.execute(DefaultBuildOperationRunner.java:66)
  	at org.gradle.internal.operations.DefaultBuildOperationRunner$2.execute(DefaultBuildOperationRunner.java:59)
  	at org.gradle.internal.operations.DefaultBuildOperationRunner.execute(DefaultBuildOperationRunner.java:166)
  	at org.gradle.internal.operations.DefaultBuildOperationRunner.execute(DefaultBuildOperationRunner.java:59)
  	at org.gradle.internal.operations.DefaultBuildOperationRunner.call(DefaultBuildOperationRunner.java:53)
  	at org.gradle.internal.execution.steps.ExecuteStep.execute(ExecuteStep.java:56)
  	at org.gradle.internal.execution.steps.ExecuteStep.execute(ExecuteStep.java:44)
  	at org.gradle.internal.execution.steps.CancelExecutionStep.execute(CancelExecutionStep.java:42)
  	at org.gradle.internal.execution.steps.TimeoutStep.executeWithoutTimeout(TimeoutStep.java:75)
  	at org.gradle.internal.execution.steps.TimeoutStep.execute(TimeoutStep.java:55)
  	at org.gradle.internal.execution.steps.PreCreateOutputParentsStep.execute(PreCreateOutputParentsStep.java:50)
  	at org.gradle.internal.execution.steps.PreCreateOutputParentsStep.execute(PreCreateOutputParentsStep.java:28)
  	at org.gradle.internal.execution.steps.RemovePreviousOutputsStep.execute(RemovePreviousOutputsStep.java:67)
  	at org.gradle.internal.execution.steps.RemovePreviousOutputsStep.execute(RemovePreviousOutputsStep.java:37)
  	at org.gradle.internal.execution.steps.BroadcastChangingOutputsStep.execute(BroadcastChangingOutputsStep.java:61)
  	at org.gradle.internal.execution.steps.BroadcastChangingOutputsStep.execute(BroadcastChangingOutputsStep.java:26)
  	at org.gradle.internal.execution.steps.CaptureOutputsAfterExecutionStep.execute(CaptureOutputsAfterExecutionStep.java:69)
  	at org.gradle.internal.execution.steps.CaptureOutputsAfterExecutionStep.execute(CaptureOutputsAfterExecutionStep.java:46)
  	at org.gradle.internal.execution.steps.ResolveInputChangesStep.execute(ResolveInputChangesStep.java:40)
  	at org.gradle.internal.execution.steps.ResolveInputChangesStep.execute(ResolveInputChangesStep.java:29)
  	at org.gradle.internal.execution.steps.BuildCacheStep.executeWithoutCache(BuildCacheStep.java:189)
  	at org.gradle.internal.execution.steps.BuildCacheStep.lambda$execute$1(BuildCacheStep.java:75)
  	at org.gradle.internal.Either$Right.fold(Either.java:175)
  	at org.gradle.internal.execution.caching.CachingState.fold(CachingState.java:62)
  	at org.gradle.internal.execution.steps.BuildCacheStep.execute(BuildCacheStep.java:73)
  	at org.gradle.internal.execution.steps.BuildCacheStep.execute(BuildCacheStep.java:48)
  	at org.gradle.internal.execution.steps.StoreExecutionStateStep.execute(StoreExecutionStateStep.java:46)
  	at org.gradle.internal.execution.steps.StoreExecutionStateStep.execute(StoreExecutionStateStep.java:35)
  	at org.gradle.internal.execution.steps.SkipUpToDateStep.executeBecause(SkipUpToDateStep.java:75)
  	at org.gradle.internal.execution.steps.SkipUpToDateStep.lambda$execute$2(SkipUpToDateStep.java:53)
  	at java.base/java.util.Optional.orElseGet(Unknown Source)
  	at org.gradle.internal.execution.steps.SkipUpToDateStep.execute(SkipUpToDateStep.java:53)
  	at org.gradle.internal.execution.steps.SkipUpToDateStep.execute(SkipUpToDateStep.java:35)
  	at org.gradle.internal.execution.steps.legacy.MarkSnapshottingInputsFinishedStep.execute(MarkSnapshottingInputsFinishedStep.java:37)
  	at org.gradle.internal.execution.steps.legacy.MarkSnapshottingInputsFinishedStep.execute(MarkSnapshottingInputsFinishedStep.java:27)
  	at org.gradle.internal.execution.steps.ResolveIncrementalCachingStateStep.executeDelegate(ResolveIncrementalCachingStateStep.java:49)
  	at org.gradle.internal.execution.steps.ResolveIncrementalCachingStateStep.executeDelegate(ResolveIncrementalCachingStateStep.java:27)
  	at org.gradle.internal.execution.steps.AbstractResolveCachingStateStep.execute(AbstractResolveCachingStateStep.java:71)
  	at org.gradle.internal.execution.steps.AbstractResolveCachingStateStep.execute(AbstractResolveCachingStateStep.java:39)
  	at org.gradle.internal.execution.steps.ResolveChangesStep.execute(ResolveChangesStep.java:65)
  	at org.gradle.internal.execution.steps.ResolveChangesStep.execute(ResolveChangesStep.java:36)
  	at org.gradle.internal.execution.steps.ValidateStep.execute(ValidateStep.java:107)
  	at org.gradle.internal.execution.steps.ValidateStep.execute(ValidateStep.java:56)
  	at org.gradle.internal.execution.steps.AbstractCaptureStateBeforeExecutionStep.execute(AbstractCaptureStateBeforeExecutionStep.java:64)
  	at org.gradle.internal.execution.steps.AbstractCaptureStateBeforeExecutionStep.execute(AbstractCaptureStateBeforeExecutionStep.java:43)
  	at org.gradle.internal.execution.steps.AbstractSkipEmptyWorkStep.executeWithNonEmptySources(AbstractSkipEmptyWorkStep.java:125)
  	at org.gradle.internal.execution.steps.AbstractSkipEmptyWorkStep.execute(AbstractSkipEmptyWorkStep.java:56)
  	at org.gradle.internal.execution.steps.AbstractSkipEmptyWorkStep.execute(AbstractSkipEmptyWorkStep.java:36)
  	at org.gradle.internal.execution.steps.legacy.MarkSnapshottingInputsStartedStep.execute(MarkSnapshottingInputsStartedStep.java:38)
  	at org.gradle.internal.execution.steps.LoadPreviousExecutionStateStep.execute(LoadPreviousExecutionStateStep.java:36)
  	at org.gradle.internal.execution.steps.LoadPreviousExecutionStateStep.execute(LoadPreviousExecutionStateStep.java:23)
  	at org.gradle.internal.execution.steps.HandleStaleOutputsStep.execute(HandleStaleOutputsStep.java:75)
  	at org.gradle.internal.execution.steps.HandleStaleOutputsStep.execute(HandleStaleOutputsStep.java:41)
  	at org.gradle.internal.execution.steps.AssignMutableWorkspaceStep.lambda$execute$0(AssignMutableWorkspaceStep.java:35)
  	at org.gradle.api.internal.tasks.execution.TaskExecution$4.withWorkspace(TaskExecution.java:289)
  	at org.gradle.internal.execution.steps.AssignMutableWorkspaceStep.execute(AssignMutableWorkspaceStep.java:31)
  	at org.gradle.internal.execution.steps.AssignMutableWorkspaceStep.execute(AssignMutableWorkspaceStep.java:22)
  	at org.gradle.internal.execution.steps.ChoosePipelineStep.execute(ChoosePipelineStep.java:40)
  	at org.gradle.internal.execution.steps.ChoosePipelineStep.execute(ChoosePipelineStep.java:23)
  	at org.gradle.internal.execution.steps.ExecuteWorkBuildOperationFiringStep.lambda$execute$2(ExecuteWorkBuildOperationFiringStep.java:67)
  	at java.base/java.util.Optional.orElseGet(Unknown Source)
  	at org.gradle.internal.execution.steps.ExecuteWorkBuildOperationFiringStep.execute(ExecuteWorkBuildOperationFiringStep.java:67)
  	at org.gradle.internal.execution.steps.ExecuteWorkBuildOperationFiringStep.execute(ExecuteWorkBuildOperationFiringStep.java:39)
  	at org.gradle.internal.execution.steps.IdentityCacheStep.execute(IdentityCacheStep.java:46)
  	at org.gradle.internal.execution.steps.IdentityCacheStep.execute(IdentityCacheStep.java:34)
  	at org.gradle.internal.execution.steps.IdentifyStep.execute(IdentifyStep.java:48)
  	at org.gradle.internal.execution.steps.IdentifyStep.execute(IdentifyStep.java:35)
  	at org.gradle.internal.execution.impl.DefaultExecutionEngine$1.execute(DefaultExecutionEngine.java:61)
  	at org.gradle.api.internal.tasks.execution.ExecuteActionsTaskExecuter.executeIfValid(ExecuteActionsTaskExecuter.java:127)
  	at org.gradle.api.internal.tasks.execution.ExecuteActionsTaskExecuter.execute(ExecuteActionsTaskExecuter.java:116)
  	at org.gradle.api.internal.tasks.execution.ProblemsTaskPathTrackingTaskExecuter.execute(ProblemsTaskPathTrackingTaskExecuter.java:40)
  	at org.gradle.api.internal.tasks.execution.FinalizePropertiesTaskExecuter.execute(FinalizePropertiesTaskExecuter.java:46)
  	at org.gradle.api.internal.tasks.execution.ResolveTaskExecutionModeExecuter.execute(ResolveTaskExecutionModeExecuter.java:51)
  	at org.gradle.api.internal.tasks.execution.SkipTaskWithNoActionsExecuter.execute(SkipTaskWithNoActionsExecuter.java:57)
  	at org.gradle.api.internal.tasks.execution.SkipOnlyIfTaskExecuter.execute(SkipOnlyIfTaskExecuter.java:74)
  	at org.gradle.api.internal.tasks.execution.CatchExceptionTaskExecuter.execute(CatchExceptionTaskExecuter.java:36)
  	at org.gradle.api.internal.tasks.execution.EventFiringTaskExecuter$1.executeTask(EventFiringTaskExecuter.java:77)
  	at org.gradle.api.internal.tasks.execution.EventFiringTaskExecuter$1.call(EventFiringTaskExecuter.java:55)
  	at org.gradle.api.internal.tasks.execution.EventFiringTaskExecuter$1.call(EventFiringTaskExecuter.java:52)
  	at org.gradle.internal.operations.DefaultBuildOperationRunner$CallableBuildOperationWorker.execute(DefaultBuildOperationRunner.java:209)
  	at org.gradle.internal.operations.DefaultBuildOperationRunner$CallableBuildOperationWorker.execute(DefaultBuildOperationRunner.java:204)
  	at org.gradle.internal.operations.DefaultBuildOperationRunner$2.execute(DefaultBuildOperationRunner.java:66)
  	at org.gradle.internal.operations.DefaultBuildOperationRunner$2.execute(DefaultBuildOperationRunner.java:59)
  	at org.gradle.internal.operations.DefaultBuildOperationRunner.execute(DefaultBuildOperationRunner.java:166)
  	at org.gradle.internal.operations.DefaultBuildOperationRunner.execute(DefaultBuildOperationRunner.java:59)
  	at org.gradle.internal.operations.DefaultBuildOperationRunner.call(DefaultBuildOperationRunner.java:53)
  	at org.gradle.api.internal.tasks.execution.EventFiringTaskExecuter.execute(EventFiringTaskExecuter.java:52)
  	at org.gradle.execution.plan.LocalTaskNodeExecutor.execute(LocalTaskNodeExecutor.java:42)
  	at org.gradle.execution.taskgraph.DefaultTaskExecutionGraph$InvokeNodeExecutorsAction.execute(DefaultTaskExecutionGraph.java:331)
  	at org.gradle.execution.taskgraph.DefaultTaskExecutionGraph$InvokeNodeExecutorsAction.execute(DefaultTaskExecutionGraph.java:318)
  	at org.gradle.execution.taskgraph.DefaultTaskExecutionGraph$BuildOperationAwareExecutionAction.lambda$execute$0(DefaultTaskExecutionGraph.java:314)
  	at org.gradle.internal.operations.CurrentBuildOperationRef.with(CurrentBuildOperationRef.java:85)
  	at org.gradle.execution.taskgraph.DefaultTaskExecutionGraph$BuildOperationAwareExecutionAction.execute(DefaultTaskExecutionGraph.java:314)
  	at org.gradle.execution.taskgraph.DefaultTaskExecutionGraph$BuildOperationAwareExecutionAction.execute(DefaultTaskExecutionGraph.java:303)
  	at org.gradle.execution.plan.DefaultPlanExecutor$ExecutorWorker.execute(DefaultPlanExecutor.java:459)
  	at org.gradle.execution.plan.DefaultPlanExecutor$ExecutorWorker.run(DefaultPlanExecutor.java:376)
  	at org.gradle.execution.plan.DefaultPlanExecutor.process(DefaultPlanExecutor.java:111)
  	at org.gradle.execution.taskgraph.DefaultTaskExecutionGraph.executeWithServices(DefaultTaskExecutionGraph.java:138)
  	at org.gradle.execution.taskgraph.DefaultTaskExecutionGraph.execute(DefaultTaskExecutionGraph.java:123)
  	at org.gradle.execution.SelectedTaskExecutionAction.execute(SelectedTaskExecutionAction.java:35)
  	at org.gradle.execution.DryRunBuildExecutionAction.execute(DryRunBuildExecutionAction.java:51)
  	at org.gradle.execution.BuildOperationFiringBuildWorkerExecutor$ExecuteTasks.call(BuildOperationFiringBuildWorkerExecutor.java:54)
  	at org.gradle.execution.BuildOperationFiringBuildWorkerExecutor$ExecuteTasks.call(BuildOperationFiringBuildWorkerExecutor.java:43)
  	at org.gradle.internal.operations.DefaultBuildOperationRunner$CallableBuildOperationWorker.execute(DefaultBuildOperationRunner.java:209)
  	at org.gradle.internal.operations.DefaultBuildOperationRunner$CallableBuildOperationWorker.execute(DefaultBuildOperationRunner.java:204)
  	at org.gradle.internal.operations.DefaultBuildOperationRunner$2.execute(DefaultBuildOperationRunner.java:66)
  	at org.gradle.internal.operations.DefaultBuildOperationRunner$2.execute(DefaultBuildOperationRunner.java:59)
  	at org.gradle.internal.operations.DefaultBuildOperationRunner.execute(DefaultBuildOperationRunner.java:166)
  	at org.gradle.internal.operations.DefaultBuildOperationRunner.execute(DefaultBuildOperationRunner.java:59)
  	at org.gradle.internal.operations.DefaultBuildOperationRunner.call(DefaultBuildOperationRunner.java:53)
  	at org.gradle.execution.BuildOperationFiringBuildWorkerExecutor.execute(BuildOperationFiringBuildWorkerExecutor.java:40)
  	at org.gradle.internal.build.DefaultBuildLifecycleController.lambda$executeTasks$10(DefaultBuildLifecycleController.java:313)
  	at org.gradle.internal.model.StateTransitionController.doTransition(StateTransitionController.java:266)
  	at org.gradle.internal.model.StateTransitionController.lambda$tryTransition$8(StateTransitionController.java:177)
  	at org.gradle.internal.work.DefaultSynchronizer.withLock(DefaultSynchronizer.java:46)
  	at org.gradle.internal.model.StateTransitionController.tryTransition(StateTransitionController.java:177)
  	at org.gradle.internal.build.DefaultBuildLifecycleController.executeTasks(DefaultBuildLifecycleController.java:304)
  	at org.gradle.internal.build.DefaultBuildWorkGraphController$DefaultBuildWorkGraph.runWork(DefaultBuildWorkGraphController.java:220)
  	at org.gradle.internal.work.DefaultWorkerLeaseService.withLocks(DefaultWorkerLeaseService.java:263)
  	at org.gradle.internal.work.DefaultWorkerLeaseService.runAsWorkerThread(DefaultWorkerLeaseService.java:127)
  	at org.gradle.composite.internal.DefaultBuildController.doRun(DefaultBuildController.java:181)
  	at org.gradle.composite.internal.DefaultBuildController.access$000(DefaultBuildController.java:50)
  	at org.gradle.composite.internal.DefaultBuildController$BuildOpRunnable.lambda$run$0(DefaultBuildController.java:198)
  	at org.gradle.internal.operations.CurrentBuildOperationRef.with(CurrentBuildOperationRef.java:85)
  	at org.gradle.composite.internal.DefaultBuildController$BuildOpRunnable.run(DefaultBuildController.java:198)
  	at java.base/java.util.concurrent.Executors$RunnableAdapter.call(Unknown Source)
  	at java.base/java.util.concurrent.FutureTask.run(Unknown Source)
  	at org.gradle.internal.concurrent.ExecutorPolicy$CatchAndRecordFailures.onExecute(ExecutorPolicy.java:64)
  	at org.gradle.internal.concurrent.AbstractManagedExecutor$1.run(AbstractManagedExecutor.java:48)
  	at java.base/java.util.concurrent.ThreadPoolExecutor.runWorker(Unknown Source)
  	at java.base/java.util.concurrent.ThreadPoolExecutor$Worker.run(Unknown Source)
  	at java.base/java.lang.Thread.run(Unknown Source)
  Caused by: com.android.ide.common.process.ProcessException: Error while executing process C:\Users\vishw\AppData\Local\Android\sdk\cmake\3.22.1\bin\cmake.exe with arguments {-HC:\Users\vishw\flutter_sdk\flutter\packages\flutter_tools\gradle\src\main\scripts -DCMAKE_SYSTEM_NAME=Android -DCMAKE_EXPORT_COMPILE_COMMANDS=ON -DCMAKE_SYSTEM_VERSION=24 -DANDROID_PLATFORM=android-24 -DANDROID_ABI=armeabi-v7a -DCMAKE_ANDROID_ARCH_ABI=armeabi-v7a -DANDROID_NDK=C:\Users\vishw\AppData\Local\Android\sdk\ndk\27.0.12077973 -DCMAKE_ANDROID_NDK=C:\Users\vishw\AppData\Local\Android\sdk\ndk\27.0.12077973 -DCMAKE_TOOLCHAIN_FILE=C:\Users\vishw\AppData\Local\Android\sdk\ndk\27.0.12077973\build\cmake\android.toolchain.cmake -DCMAKE_MAKE_PROGRAM=C:\Users\vishw\AppData\Local\Android\sdk\cmake\3.22.1\bin\ninja.exe -DCMAKE_LIBRARY_OUTPUT_DIRECTORY=C:\Users\vishw\all_tools\apk_editor_cloner-2\build\app\intermediates\cxx\debug\4j6e1j6x\obj\armeabi-v7a -DCMAKE_RUNTIME_OUTPUT_DIRECTORY=C:\Users\vishw\all_tools\apk_editor_cloner-2\build\app\intermediates\cxx\debug\4j6e1j6x\obj\armeabi-v7a -BC:\Users\vishw\all_tools\apk_editor_cloner-2\build\.cxx\debug\4j6e1j6x\armeabi-v7a -GNinja -Wno-dev --no-warn-unused-cli -DCMAKE_BUILD_TYPE=debug}
  	at com.android.build.gradle.internal.process.GradleProcessResult.buildProcessException(GradleProcessResult.java:73)
  	at com.android.build.gradle.internal.process.GradleProcessResult.assertNormalExitValue(GradleProcessResult.java:48)
  	at com.android.build.gradle.internal.cxx.process.ExecuteProcessKt.execute(ExecuteProcess.kt:277)
  	... 171 more
  Caused by: org.gradle.process.internal.ExecException: Process 'command 'C:\Users\vishw\AppData\Local\Android\sdk\cmake\3.22.1\bin\cmake.exe'' finished with non-zero exit value 1
  	at org.gradle.process.internal.DefaultExecHandle$ExecResultImpl.assertNormalExitValue(DefaultExecHandle.java:442)
  	at com.android.build.gradle.internal.process.GradleProcessResult.assertNormalExitValue(GradleProcessResult.java:46)
  	... 172 more


* Try:
> Run with --stacktrace option to get the stack trace.
> Run with --info or --debug option to get more log output.
> Run with --scan to get full insights.
> Get more help at https://help.gradle.org.

BUILD FAILED in 5m 9s
Running Gradle task 'assembleDebug'...                            314.4s

ΓöîΓöÇ Flutter Fix ΓöÇΓöÇΓöÇΓöÇΓöÇΓöÇΓöÇΓöÇΓöÇΓöÇΓöÇΓöÇΓöÇΓöÇΓöÇΓöÇΓöÇΓöÇΓöÇΓöÇΓöÇΓöÇΓöÇΓöÇΓöÇΓöÇΓöÇΓöÇΓöÇΓöÇΓöÇΓöÇΓöÇΓöÇΓöÇΓöÇΓöÇΓöÇΓöÇΓöÇΓöÇΓöÇΓöÇΓöÇΓöÇΓöÇΓöÇΓöÇΓöÇΓöÇΓöÇΓöÇΓöÇΓöÇΓöÇΓöÇΓöÇΓöÇΓöÇΓöÇΓöÇΓöÇΓöÇΓöÇΓöÇΓöÇΓöÇΓöÇΓöÇΓöÇΓöÇΓöÇΓöÇΓöÇΓöÇΓöÇΓöÇΓöÇΓöÇΓöÇΓöÇΓöÇΓöÇΓöÉ
Γöé [!] Gradle does not have execution permission.                                                  Γöé
Γöé You should change the ownership of the project directory to your user, or move the project to a Γöé
Γöé directory with execute permissions.                                                             Γöé
ΓööΓöÇΓöÇΓöÇΓöÇΓöÇΓöÇΓöÇΓöÇΓöÇΓöÇΓöÇΓöÇΓöÇΓöÇΓöÇΓöÇΓöÇΓöÇΓöÇΓöÇΓöÇΓöÇΓöÇΓöÇΓöÇΓöÇΓöÇΓöÇΓöÇΓöÇΓöÇΓöÇΓöÇΓöÇΓöÇΓöÇΓöÇΓöÇΓöÇΓöÇΓöÇΓöÇΓöÇΓöÇΓöÇΓöÇΓöÇΓöÇΓöÇΓöÇΓöÇΓöÇΓöÇΓöÇΓöÇΓöÇΓöÇΓöÇΓöÇΓöÇΓöÇΓöÇΓöÇΓöÇΓöÇΓöÇΓöÇΓöÇΓöÇΓöÇΓöÇΓöÇΓöÇΓöÇΓöÇΓöÇΓöÇΓöÇΓöÇΓöÇΓöÇΓöÇΓöÇΓöÇΓöÇΓöÇΓöÇΓöÇΓöÇΓöÇΓöÇΓöÇΓöÇΓöÇΓöÇΓöÇΓöÇΓöÿ
Gradle task assembleDebug failed with exit code 1
